// Jest Snapshot v1, https://goo.gl/fbAQLP

exports[`/Users/Raiden/development/ANIMATIONS/morphing-page-transition/__tests__/hooks/GlobalProvider.spec.tsx renders the global provider 1`] = `<DocumentFragment />`;
